exports[`UserMenu matches snapshot 1`] = `
<IconMenu
  anchorOrigin={
    Object {
      "horizontal": "right",
      "vertical": "top",
    }
  }
  animated={true}
  iconButtonElement={
    <IconButton
      disableTouchRipple={false}
      disabled={false}
      iconStyle={Object {}}
      tooltipPosition="bottom-center"
      touch={false}>
      <NavigationMoreVert />
    </IconButton>
  }
  multiple={false}
  onItemTouchTap={[Function]}
  onKeyboardFocus={[Function]}
  onMouseDown={[Function]}
  onMouseEnter={[Function]}
  onMouseLeave={[Function]}
  onMouseUp={[Function]}
  onRequestChange={[Function]}
  onTouchTap={[Function]}
  open={null}
  targetOrigin={
    Object {
      "horizontal": "right",
      "vertical": "top",
    }
  }
  touchTapCloseDelay={200}
  useLayerForClickAway={false}>
  <MenuItem
    checked={false}
    desktop={false}
    disabled={false}
    focusState="none"
    insetChildren={false}
    primaryText="Refresh" />
  <MenuItem
    checked={false}
    desktop={false}
    disabled={false}
    focusState="none"
    insetChildren={false}
    primaryText="Help" />
  <Divider
    inset={false} />
  <MenuItem
    checked={false}
    desktop={false}
    disabled={false}
    focusState="none"
    insetChildren={false}
    onTouchTap={[Function]}
    primaryText="Sign Out" />
</IconMenu>
`;
